// Vitest Snapshot v1, https://vitest.dev/guide/snapshot.html

exports[`FilterDropdown component > Renders FilterDropdown correctly 1`] = `
<div>
  <div
    role="dropdownContainer"
  >
    <button
      class="sc-beySPh goVLFM"
      role="filter"
    >
      Sort by...
    </button>
  </div>
</div>
`;
