// Vitest Snapshot v1, https://vitest.dev/guide/snapshot.html

exports[`Navbar > renders navbar correctly 1`] = `
<nav>
  <ol>
    <li>
      <div>
        <a
          href="/"
        >
          Home
        </a>
      </div>
    </li>
    <li>
      <div>
        <a
          href="/products"
        >
          Products
        </a>
      </div>
    </li>
    <li>
      <div>
        <a
          href="/about"
        >
          Cart
        </a>
      </div>
    </li>
  </ol>
</nav>
`;
