// Vitest Snapshot v1, https://vitest.dev/guide/snapshot.html

exports[`ShoppingCart component > renders ShoppingCart properly 1`] = `
<div>
  <div>
    <div>
      <div>
        <div
          role="cartItem"
        >
          <img
            alt="product"
            role="cartItemImage"
            src="https://fakestoreapi.com/img/81fPKd-2AYL._AC_SL1500_.jpg"
          />
          <p
            role="cartItemTitle"
          >
            Women's Classic Trench Coat
          </p>
          <p
            role="cartItemPrice"
          >
            $
            179.98
          </p>
          <div
            role="quantityControlsContainer"
          >
            <button
              class="sc-beySPh bhpoEk"
              role="reduceQuantity"
            >
              -
            </button>
            <p
              role="cartItemQuantity"
            >
              2
            </p>
            <button
              class="sc-beySPh bhpoEk"
              role="addQuantity"
            >
              +
            </button>
          </div>
          <button
            class="sc-beySPh bhpoEk"
            role="deleteCartItem"
          >
            Delete Icon
          </button>
        </div>
      </div>
      <div>
        <div
          role="cartItem"
        >
          <img
            alt="product"
            role="cartItemImage"
            src="https://fakestoreapi.com/img/61pHAEJ4NML._AC_SY879._SX._UX._SY._UY_.jpg"
          />
          <p
            role="cartItemTitle"
          >
            Wireless Bluetooth Earbuds
          </p>
          <p
            role="cartItemPrice"
          >
            $
            139.96
          </p>
          <div
            role="quantityControlsContainer"
          >
            <button
              class="sc-beySPh bhpoEk"
              role="reduceQuantity"
            >
              -
            </button>
            <p
              role="cartItemQuantity"
            >
              4
            </p>
            <button
              class="sc-beySPh bhpoEk"
              role="addQuantity"
            >
              +
            </button>
          </div>
          <button
            class="sc-beySPh bhpoEk"
            role="deleteCartItem"
          >
            Delete Icon
          </button>
        </div>
      </div>
      <div>
        <div
          role="cartItem"
        >
          <img
            alt="product"
            role="cartItemImage"
            src="https://fakestoreapi.com/img/81fPKd-2AYL._AC_SL1500_.jpg"
          />
          <p
            role="cartItemTitle"
          >
            Home Office Desk
          </p>
          <p
            role="cartItemPrice"
          >
            $
            159.95
          </p>
          <div
            role="quantityControlsContainer"
          >
            <button
              class="sc-beySPh bhpoEk"
              role="reduceQuantity"
            >
              -
            </button>
            <p
              role="cartItemQuantity"
            >
              1
            </p>
            <button
              class="sc-beySPh bhpoEk"
              role="addQuantity"
            >
              +
            </button>
          </div>
          <button
            class="sc-beySPh bhpoEk"
            role="deleteCartItem"
          >
            Delete Icon
          </button>
        </div>
      </div>
    </div>
    <div>
      <p
        role="totalCartPrice"
      >
        Total: 
        479.89
      </p>
    </div>
    <div>
      <button
        class="sc-beySPh bhpoEk"
        role="checkout"
      >
        Checkout
      </button>
    </div>
  </div>
</div>
`;
